[Adblock Plus 0.7.1]
!RU AdList[http://denis-ovs.narod.ru/]=2008-05-18
!expires after 7
!  сожалению список больше не обновл€етс€.
/[^a-z]top[^a-z].*\..*\?/
/[^a-z]ad[svjx0-9]?[^a-z0-9].*\?/$~stylesheet
/[^a-z]count[^a-z]/$~other
/(\/cnt\/.*\?|\.cnt\?)/
/\/ad[svjx0-9]?\//$~stylesheet
/\/ban[0-9]?\//
/88x31|120x60|120x240|120x600|125x125|234x60|392x72|400x40|468x60|470x60/
/ad(js\.php\?|x\.js|fetch|log|click|view|cycle|vert|scrip|show|frame|ima?ge?|content|runner|serve|space|swrapper)/
/affiliat(e|ion)/$~stylesheet,~object
/b[au]nn?er[sz]?/$~stylesheet
/counte[rd]/
/google(\-analytics|syndication)\.com/
/http\:\/\/(100|210|234|468)\./
/http\:\/\/a\.[^/]*\./$~background,~image
/http\:\/\/ad[sv]?[0-9]?\./
/http\:\/\/(www\.)?100\-100\.ru\//
/http\:\/\/(www\.)?(74)?74\.ru\/(ban|textblocks)\//
/http\:\/\/sj([1-9]|10)\.ru/
/http\:\/\/(top100\-)?images\.rambler\.ru\/top100\//
/http\:\/\/(www\.)?all\.by\/.*\?/
/http\:\/\/getrank\.net\/pr[1-3]\.php/
/uralweb\.ru\/(hits\/.*\/go|rating\/go\/)/
/re[ck]lama/
/^http\:\/\/.*[^a-z](partners?|promo|sponsor)[^a-z]/$~stylesheet
*/bann/*$image
*/extadv/*
*/mirmaek/*.gif$image
*/pagerank/*$image
*/popup/*
*/phpads/*
*/rating/*?
*/top/*?
/bitrix/spread.php?
3a.overclockers.ru
v6.overclockers.ru
as-us.falkag.net
ban_click
bans.bride.ru
body.imho.ru
bs.yandex.ru
bx.metka.ru
clickcashmoney.com
clk.atdmt.com
content.medialand.ru
dosugvip.ru
forum.ixbt.com/*.swf
go.jetswap.com
hi-fi.ru/b/
hotlog.ru/*?
http://*.abnad.net/*?
http://*.adward.ru/
http://*.begun.ru/*?
http://*.log.ru/*?
http://*.sitemeter.com/*?
http://*.topcto.ru/*?
http://*.mystat-in.net/
http://*.rating.km.ua/*?
http://adlik.akavita.com/*?
http://allbest.ru/*?
http://all-web.ru/button.php?id=
http://an.yandex.ru/
http://click.kmindex.ru/*?
http://click.opennet.ru/*?
http://cn.procontext.ru/*
http://cnt.rate.ru/*?
http://cnt.spbland.ru/*?
http://cnt.vvv.ru/*?
http://counting.kmindex.ru/*?
http://engine.adland.ru/*?
http://engine.adnet.ru/
http://engine.awaps.net/
http://engine.rorer.ru/*?
http://forum.ru-board.com/board/temp/
http://i.bigmir.net/cnt/
http://i.ru-board.com/temp/
http://info.webalta.net/reliancebutton?url
http://ipz.ru/*?
http://kmindex.ru/*?
http://li.ru/*?
http://mb.osp.ru/*?
http://mbn.com.ua/*?
http://mn2.ru/
http://mn3.ru/
http://mg.dt00.net/
http://nnn.novoteka.ru/
http://r.gismeteo.ru/
http://r.mail.ru
http://rax.ru
http://rb.rfn.ru/
http://rb.sport-express.ru/
http://rose.ixbt.com/*?
http://rotator.exler.ru/*?
http://samlab.ws/*.swf
http://softbn.ru/*?
http://stat.aport.ru/*?
http://t.proext.com/*?
http://top100.rambler.ru/top100/$link
http://top.rbc.ru/include/dynamic/pub/
http://topsupp.com/*?
http://traf.biz/*
http://www.24open.ru/*?from=*
http://www.fcenter.ru/images/b/
http://www.p-rank.info/*?
http://www.translate.ru/js/begun.js
http://www.nedstatbasic.net/stats?
http://www.mypagerank.net/*?
http://www.mypagerank.ru/*?
http://www.webalta.ru/reliancebutton?url
http://ualink.info/*?
http://uptime.ru/*?
linkexchange.ru
liveinternet.ru/click
metroclick.ru
pics.rbc.ru/rbcmill/
prospero.ru
r.e1.ru
rl.auto.ru
sourceforge.net/sflogo.php?
spylog.com/*?
ucoz.ru/main/?a=ustat;
uhi_click.cgi?
warlog.info
yadro.ru
yandex.ru/cy?base=0&host=
.1txt.ru
.4smi.ru
.abn.com.ua/*?
.adbn.ru/*?
.addweb.ru
.adfox.ru
.adru.net/*?
.bigmir.net/?
.chbn.ru
.clx.ru
.dating-exchange.com
.ir.ru
.ket.ru
.kpdn.ru
.mbn.com.ua
.mediarotator.ru
.lbe.ru
.lbn.ru
.link.ru
.pbg.ru
.prbn.ru
.qle.ru
.rbe.ru
.refer.ru
.sbn.ru
.tbn.ru
.tle.ru
.vba.ru
.wbn.ru
.xbn.ru