True#~#+[/&?_-]ads?[-_]?(?:action|b(?:utler|rite|ottom|ox_?)|c(?:odes?\d*|ase|li(?:c?k|ent)s?)|f(?:arm|etch|low|rame|unction)|i(?:ma?ge?s?|d(?!=&))|l(?:ink|og|ayer)|m(?:an|entor|odule|osaic)|p(?:ops?|arse)|r(?:emote|evolver)|s(?:dk|end|ize|t(?:ome|ream|ring)|onar|cripts?)|t(?:ech|rix|ype))(?!=?v(?:&|off))[\w_]#~##~##~#0
True#~#+[/&?_-]banner(?:co(?:de|unt)|_?click|div|bg|(id)?=|\d+(?!(\.swf|\w+))|-rotation|-?ad)(?!(?:_|.*\.(?:png|htm)))#~##~##~#0
True#~#+[/_-]ad[sxvj]s?\d?(?:\.\w{2,3})?(?:\?|$)#~##~##~#0
True#~#+[^a-z](?:partners?|promo|sponsors?)[^a-z]#~##~##~#0
True#~#+[^a-z]top[^a-z][^.]*\.[^?]*\?#~##~##~#0
True#~#+\/ban+(?:er)?s?\d*[./]#~##~##~#0
True#~#+\/count(?:ers?)?[.?/]#~##~##~#0
True#~#+\d(?:1(?:[05]0[-_x]3[05]0?|2[05][-_x](?:14|24|60?)0|60[-_x](?:60|8)0|80[-_x]150)|2(?:00[-_x][13]0|34[-_x](?:6|1[20])|40[-_x](?:35|40)|70[-_x]6)0|3(?:00[-_x](?:25|60)0|36[-_x]280|80[-_x]60|92[-_x]72)|4(?:00[-_x]40|[78]0[-_x]60|68[-_x](?:15|[68]0))|600[-_x](?:10|24)0|7(?:[60]0|[26]8)[-_x][679]0|8(?:[08][-_x](?:15|3[123])|00[-_x]60))\d#~##~##~#0
True#~#+banner#~##~##~#0
True#~#+*.*.redtram.com/news/*#~##~##~#0
True#~#+*.012345.ru/upload/*#~##~##~#0
True#~#+*.1pop.ru/*#~##~##~#0
True#~#+*.1txt.ru/*#~##~##~#0
True#~#+*.2da2.ru/*#~##~##~#0
True#~#+*.3dn.ru/stat/*#~##~##~#0
True#~#+*.4smi.ru/*#~##~##~#0
True#~#+*.99z.ru/*#~##~##~#0
True#~#+*.abn.com.ua/*?*#~##~##~#0
True#~#+*.abnad.net/*?*#~##~##~#0
True#~#+*.ad-words.ru/contextad/*#~##~##~#0
True#~#+*.adbn.ru/*?*#~##~##~#0
True#~#+*.addweb.ru/*#~##~##~#0
True#~#+*.adfox.ru/*#~##~##~#0
True#~#+*.adfun.ru/*#~##~##~#0
True#~#+*.adjuggler.com/*#~##~##~#0
True#~#+*.adme.ru/$third-party*#~##~##~#0
True#~#+*.adnet.ru/*#~##~##~#0
True#~#+*.adriver.ru/*#~##~##~#0
True#~#+*.adru.net/*?*#~##~##~#0
True#~#+*.adserver.*?*#~##~##~#0
True#~#+*.adservinginternational.*#~##~##~#0
True#~#+*.adskape.ru/*#~##~##~#0
True#~#+*.adsn24.ru/*#~##~##~#0
True#~#+*.advertising.*#~##~##~#0
True#~#+*.advmaker.ru/*#~##~##~#0
True#~#+*.adward.ru/*#~##~##~#0
True#~#+*.agro.net.ru/*#~##~##~#0
True#~#+*.all.by/*?*#~##~##~#0
True#~#+*.anastasia-international.com/*#~##~##~#0
True#~#+*.at.ua/stat/*#~##~##~#0
True#~#+*.bannerbank.ru/*#~##~##~#0
True#~#+*.bbn.by/t.bbn?*#~##~##~#0
True#~#+*.begun.ru/*#~##~##~#0
True#~#+*.bigmir.net/?*#~##~##~#0
True#~#+*.chbn.ru/*#~##~##~#0
True#~#+*.clan.su/stat/*#~##~##~#0
True#~#+*.cleen.ru/*#~##~##~#0
True#~#+*.clickopen.ru/*#~##~##~#0
True#~#+*.clx.ru/*#~##~##~#0
True#~#+*.cpxinteractive.com/*#~##~##~#0
True#~#+*.dating-exchange.com*#~##~##~#0
True#~#+*.do.am/stat/*#~##~##~#0
True#~#+*.doubleclick.net/*#~##~##~#0
True#~#+*.ehoo.ru/knopka/*#~##~##~#0
True#~#+*.hitlist.ru*#~##~##~#0
True#~#+*.imho.ru/*#~##~##~#0
True#~#+*.intellitxt.com/*#~##~##~#0
True#~#+*.ir.ru/*#~##~##~#0
True#~#+*.ket.ru/*#~##~##~#0
True#~#+*.kontera.com/*#~##~##~#0
True#~#+*.kpdn.ru/*#~##~##~#0
True#~#+*.lbe.ru/*#~##~##~#0
True#~#+*.lbn.ru/*#~##~##~#0
True#~#+*.link.ru/*#~##~##~#0
True#~#+*.log.ru/*?*#~##~##~#0
True#~#+*.mediarotator.ru/*#~##~##~#0
True#~#+*.mn1.ru/*#~##~##~#0
True#~#+*.mn10.ru/*#~##~##~#0
True#~#+*.mn2.ru/*#~##~##~#0
True#~#+*.mn3.ru/*#~##~##~#0
True#~#+*.mn4.ru/*#~##~##~#0
True#~#+*.mn5.ru/*#~##~##~#0
True#~#+*.mn6.ru/*#~##~##~#0
True#~#+*.mn7.ru/*#~##~##~#0
True#~#+*.mn8.ru/*#~##~##~#0
True#~#+*.mn9.ru/*#~##~##~#0
True#~#+*.moy.su/stat/*#~##~##~#0
True#~#+*.my1.ru/stat/*#~##~##~#0
True#~#+*.mystat-in.net/*#~##~##~#0
True#~#+*.owebmoney.ru/*#~##~##~#0
True#~#+*.parimatch.com/jss/*.swf*#~##~##~#0
True#~#+*.pbg.ru/*#~##~##~#0
True#~#+*.pbnet.ru/*#~##~##~#0
True#~#+*.plus10sm.ru/*#~##~##~#0
True#~#+*.pop-bazar.com/*#~##~##~#0
True#~#+*.pop-parad.net/*#~##~##~#0
True#~#+*.pop-under.ru/*#~##~##~#0
True#~#+*.pop-wmz.ru/*#~##~##~#0
True#~#+*.pop.ru/*#~##~##~#0
True#~#+*.popad.ru/*#~##~##~#0
True#~#+*.popget.ru/*#~##~##~#0
True#~#+*.popstart.ru/*#~##~##~#0
True#~#+*.poptraf.*#~##~##~#0
True#~#+*.popup2m.com/*#~##~##~#0
True#~#+*.popups.ru/*#~##~##~#0
True#~#+*.ppnd.ru/*#~##~##~#0
True#~#+*.prbn.ru/*#~##~##~#0
True#~#+*.prospero.ru/*#~##~##~#0
True#~#+*.protizer.ru/*#~##~##~#0
True#~#+*.qle.ru/*#~##~##~#0
True#~#+*.rating.km.ua/*?*#~##~##~#0
True#~#+*.rax.ru/*#~##~##~#0
True#~#+*.rbe.ru/*#~##~##~#0
True#~#+*.refer.ru/*#~##~##~#0
True#~#+*.richbanner.ru/*#~##~##~#0
True#~#+*.rle.ru/*#~##~##~#0
True#~#+*.ru-board.com/board/temp*#~##~##~#0
True#~#+*.sape.ru/bn/*#~##~##~#0
True#~#+*.sbn.ru/*#~##~##~#0
True#~#+*.sitemeter.com/*?*#~##~##~#0
True#~#+*.sj1.ru/*#~##~##~#0
True#~#+*.sj10.ru/*#~##~##~#0
True#~#+*.sj2.ru/*#~##~##~#0
True#~#+*.sj3.ru/*#~##~##~#0
True#~#+*.sj4.ru/*#~##~##~#0
True#~#+*.sj5.ru/*#~##~##~#0
True#~#+*.sj6.ru/*#~##~##~#0
True#~#+*.sj7.ru/*#~##~##~#0
True#~#+*.sj8.ru/*#~##~##~#0
True#~#+*.sj9.ru/*#~##~##~#0
True#~#+*.super.md/?col=*#~##~##~#0
True#~#+*.supertop.ru/*#~##~##~#0
True#~#+*.takru.com/in.php?id=*#~##~##~#0
True#~#+*.tbn.ru/*#~##~##~#0
True#~#+*.tle.ru/*#~##~##~#0
True#~#+*.topcto.ru/*?*#~##~##~#0
True#~#+*.ucoz.com/stat/*#~##~##~#0
True#~#+*.ucoz.de/stat/*#~##~##~#0
True#~#+*.ucoz.ko.uk/stat/*#~##~##~#0
True#~#+*.ucoz.kz/stat/*#~##~##~#0
True#~#+*.ucoz.lv/stat/*#~##~##~#0
True#~#+*.ucoz.net/stat/*#~##~##~#0
True#~#+*.ucoz.org/stat/*#~##~##~#0
True#~#+*.ucoz.ru/stat/*#~##~##~#0
True#~#+*.ucoz.ua/stat/*#~##~##~#0
True#~#+*.vba.ru/*#~##~##~#0
True#~#+*.warlog.ru/*#~##~##~#0
True#~#+*.wbn.ru/*#~##~##~#0
True#~#+*.webangel.ru/*#~##~##~#0
True#~#+*.wmirk.ru/*#~##~##~#0
True#~#+*.ws.md/c.png?*#~##~##~#0
True#~#+*.xbn.ru/*#~##~##~#0
True#~#+*.yadro.ru/*#~##~##~#0
True#~#+*.yandex.*/resource/*#~##~##~#0
True#~#+*//1pop.ru/*#~##~##~#0
True#~#+*//1txt.ru/*#~##~##~#0
True#~#+*//2da2.ru/*#~##~##~#0
True#~#+*//2ip.ru/sbar/*#~##~##~#0
True#~#+*//4smi.ru/*#~##~##~#0
True#~#+*//80.91.178.234/*#~##~##~#0
True#~#+*//99z.ru/*#~##~##~#0
True#~#+*//addweb.ru/*#~##~##~#0
True#~#+*//adfox.ru/*#~##~##~#0
True#~#+*//adfun.ru/*#~##~##~#0
True#~#+*//adme.ru/*#~##~##~#0
True#~#+*//adnet.ru/*#~##~##~#0
True#~#+*//adriver.ru/*#~##~##~#0
True#~#+*//adskape.ru/*#~##~##~#0
True#~#+*//adsn24.ru/*#~##~##~#0
True#~#+*//advmaker.ru/*#~##~##~#0
True#~#+*//adward.ru/*#~##~##~#0
True#~#+*//agro.net.ru/*#~##~##~#0
True#~#+*//all.by/*?*#~##~##~#0
True#~#+*//banner*#~##~##~#0
True#~#+*//begun.ru/*#~##~##~#0
True#~#+*//chbn.ru/*#~##~##~#0
True#~#+*//cleen.ru/*#~##~##~#0
True#~#+*//clickopen.ru/*#~##~##~#0
True#~#+*//clix.ru/js/*#~##~##~#0
True#~#+*//clx.ru/*#~##~##~#0
True#~#+*//ex6.ru/k/*#~##~##~#0
True#~#+*//helpls.ru/*#~##~##~#0
True#~#+*//i.i.ua/r/*#~##~##~#0
True#~#+*//id5.ru/system/*#~##~##~#0
True#~#+*//imho.ru/*#~##~##~#0
True#~#+*//ipru.ru/i/*#~##~##~#0
True#~#+*//ipru.ru/j/*#~##~##~#0
True#~#+*//ipz.ru/*?*#~##~##~#0
True#~#+*//ir.ru/*#~##~##~#0
True#~#+*//ket.ru/*#~##~##~#0
True#~#+*//kpdn.ru/*#~##~##~#0
True#~#+*//lbe.ru/*#~##~##~#0
True#~#+*//lbn.ru/*#~##~##~#0
True#~#+*//li.ru/*?*#~##~##~#0
True#~#+*//link.ru/*#~##~##~#0
True#~#+*//mn1.ru/*#~##~##~#0
True#~#+*//mn10.ru/*#~##~##~#0
True#~#+*//mn2.ru/*#~##~##~#0
True#~#+*//mn3.ru/*#~##~##~#0
True#~#+*//mn4.ru/*#~##~##~#0
True#~#+*//mn5.ru/*#~##~##~#0
True#~#+*//mn6.ru/*#~##~##~#0
True#~#+*//mn7.ru/*#~##~##~#0
True#~#+*//mn8.ru/*#~##~##~#0
True#~#+*//mn9.ru/*#~##~##~#0
True#~#+*//ngbn.net/iframe.php?*#~##~##~#0
True#~#+*//ngbn.net/img/*#~##~##~#0
True#~#+*//nnm.ru/*.swf*#~##~##~#0
True#~#+*//nyx.su/informers/*#~##~##~#0
True#~#+*//oowl.ru/ab/*#~##~##~#0
True#~#+*//pbg.ru/*#~##~##~#0
True#~#+*//pbnet.ru/*#~##~##~#0
True#~#+*//plus10sm.ru/*#~##~##~#0
True#~#+*//pop-bazar.com/*#~##~##~#0
True#~#+*//pop-parad.net/*#~##~##~#0
True#~#+*//pop-under.ru/*#~##~##~#0
True#~#+*//pop-wmz.ru/*#~##~##~#0
True#~#+*//pop.ru/*#~##~##~#0
True#~#+*//popad.ru/*#~##~##~#0
True#~#+*//popget.ru/*#~##~##~#0
True#~#+*//popstart.ru/*#~##~##~#0
True#~#+*//popup2m.com/*#~##~##~#0
True#~#+*//popups.ru/*#~##~##~#0
True#~#+*//ppnd.ru/*#~##~##~#0
True#~#+*//prbn.ru/*#~##~##~#0
True#~#+*//prospero.ru/*#~##~##~#0
True#~#+*//protizer.ru/*#~##~##~#0
True#~#+*//qle.ru/*#~##~##~#0
True#~#+*//r*.auto.ru/*#~##~##~#0
True#~#+*//r*.izvestia.ru/*#~##~##~#0
True#~#+*//r*.mail.ru/*$~background*#~##~##~#0
True#~#+*//r*.wmlink.*/*#~##~##~#0
True#~#+*//r.e1.ru/*#~##~##~#0
True#~#+*//r.i.ua/*#~##~##~#0
True#~#+*//rax.ru/*#~##~##~#0
True#~#+*//rbe.ru/*#~##~##~#0
True#~#+*//rle.ru/*#~##~##~#0
True#~#+*//sape.ru/*#~##~##~#0
True#~#+*//sbn.ru/*#~##~##~#0
True#~#+*//sj1.ru/*#~##~##~#0
True#~#+*//sj10.ru/*#~##~##~#0
True#~#+*//sj2.ru/*#~##~##~#0
True#~#+*//sj3.ru/*#~##~##~#0
True#~#+*//sj4.ru/*#~##~##~#0
True#~#+*//sj5.ru/*#~##~##~#0
True#~#+*//sj6.ru/*#~##~##~#0
True#~#+*//sj7.ru/*#~##~##~#0
True#~#+*//sj8.ru/*#~##~##~#0
True#~#+*//sj9.ru/*#~##~##~#0
True#~#+*//tbn.ru/*#~##~##~#0
True#~#+*//tizers.net/*#~##~##~#0
True#~#+*//tle.ru/*#~##~##~#0
True#~#+*//vba.ru/*#~##~##~#0
True#~#+*//vipmest.info/*#~##~##~#0
True#~#+*//wbn.ru/*#~##~##~#0
True#~#+*//www.ad.*#~##~##~#0
True#~#+*//www.ad0*#~##~##~#0
True#~#+*//www.ad1*#~##~##~#0
True#~#+*//www.ad2*#~##~##~#0
True#~#+*//www.ad3*#~##~##~#0
True#~#+*//www.ad4*#~##~##~#0
True#~#+*//www.ad5*#~##~##~#0
True#~#+*//www.ad6*#~##~##~#0
True#~#+*//www.ad7*#~##~##~#0
True#~#+*//www.ad8*#~##~##~#0
True#~#+*//www.ad9*#~##~##~#0
True#~#+*//www.ads.*#~##~##~#0
True#~#+*//www.ads1.*#~##~##~#0
True#~#+*//www.adv.*#~##~##~#0
True#~#+*//www.banner*#~##~##~#0
True#~#+*//xbn.ru/*#~##~##~#0
True#~#+*//yadro.ru/*#~##~##~#0
True#~#+*/adland.php*#~##~##~#0
True#~#+*/ads_iframe.*#~##~##~#0
True#~#+*/advert.*#~##~##~#0
True#~#+*/adview.*#~##~##~#0
True#~#+*/banman/*#~##~##~#0
True#~#+*/begun.js*#~##~##~#0
True#~#+*/bitrix/spread.php?*#~##~##~#0
True#~#+*/by.banclk?*#~##~##~#0
True#~#+*/counted/*#~##~##~#0
True#~#+*/ctxtlink/*#~##~##~#0
True#~#+*/dontblockthis/*#~##~##~#0
True#~#+*/ebayinternalpromos/*#~##~##~#0
True#~#+*/event.ng*#~##~##~#0
True#~#+*/extadv/*#~##~##~#0
True#~#+*/fmates.ru/announce.js*#~##~##~#0
True#~#+*/fullgames.ru/*#~##~##~#0
True#~#+*/fuseads/*#~##~##~#0
True#~#+*/getrank.net/pr*.php*#~##~##~#0
True#~#+*/houseads/*#~##~##~#0
True#~#+*/i.li.ru/_sl_/*.js*#~##~##~#0
True#~#+*/indianrailways/*#~##~##~#0
True#~#+*/lank.ru/js.php*#~##~##~#0
True#~#+*/linkexchange/*#~##~##~#0
True#~#+*/linkshare/*#~##~##~#0
True#~#+*/marketplace.asp?*#~##~##~#0
True#~#+*/mirmaek/*.gif*#~##~##~#0
True#~#+*/oascentral.*#~##~##~#0
True#~#+*/pagerank.*#~##~##~#0
True#~#+*/pagerank/*#~##~##~#0
True#~#+*/peelad/*#~##~##~#0
True#~#+*/phpads/*#~##~##~#0
True#~#+*/poptraf.*#~##~##~#0
True#~#+*/popup/*#~##~##~#0
True#~#+*/popuptraf*#~##~##~#0
True#~#+*/printads/*#~##~##~#0
True#~#+*/promos/*#~##~##~#0
True#~#+*/prre.ru/bout.php?*#~##~##~#0
True#~#+*/pseudocounter.js?*#~##~##~#0
True#~#+*/qzx.ru/gf/*#~##~##~#0
True#~#+*/rankem.cgi?action=*#~##~##~#0
True#~#+*/rating/*?*#~##~##~#0
True#~#+*/reclama/*#~##~##~#0
True#~#+*/reklama/*#~##~##~#0
True#~#+*/shared/promos/*#~##~##~#0
True#~#+*/showad.asp?*#~##~##~#0
True#~#+*/slatefp.asp*#~##~##~#0
True#~#+*/splash/page_header/*#~##~##~#0
True#~#+*/sponsimages/*#~##~##~#0
True#~#+*/top100.*#~##~##~#0
True#~#+*/uicp.ru/?bn=*#~##~##~#0
True#~#+*/vendshow/*#~##~##~#0
True#~#+*/vottbanner*#~##~##~#0
True#~#+*/xap.ru/*.js*#~##~##~#0
True#~#+*1-traf.net/*#~##~##~#0
True#~#+*13rus.ru/img/*#~##~##~#0
True#~#+*194.84.53.15/empty.gif*#~##~##~#0
True#~#+*1ha.ad.md/cgi-bin/*#~##~##~#0
True#~#+*1popup.ru/*#~##~##~#0
True#~#+*1traff.ru/*#~##~##~#0
True#~#+*1under.ru/*#~##~##~#0
True#~#+*217.16.18.213/*#~##~##~#0
True#~#+*217.16.18.214/*#~##~##~#0
True#~#+*217.170.78.4/*#~##~##~#0
True#~#+*217.170.78.7/*#~##~##~#0
True#~#+*24new.ru/$third-party*#~##~##~#0
True#~#+*24open.ru/*?from=*#~##~##~#0
True#~#+*24s.ru/get.php?b=*#~##~##~#0
True#~#+*2pay.ru/gif/terminal.swf?link=*#~##~##~#0
True#~#+*3a.overclockers.ru*#~##~##~#0
True#~#+*4files.net/im/but/4files*.*#~##~##~#0
True#~#+*62.105.135.*#~##~##~#0
True#~#+*62.149.18.48/openads/*#~##~##~#0
True#~#+*74.ru/textblocks/*#~##~##~#0
True#~#+*77.91.228.66/*#~##~##~#0
True#~#+*83.222.31.194/in.cgi?*#~##~##~#0
True#~#+*87.242.91.7/*/*code?*#~##~##~#0
True#~#+*89.108.72.16/*#~##~##~#0
True#~#+*90.156.144.98/*#~##~##~#0
True#~#+*91.194.251.66*#~##~##~#0
True#~#+*a.abnad.net/iframe*#~##~##~#0
True#~#+*a.ucoz.net/adv/?*#~##~##~#0
True#~#+*ab.adpro.com.ua/*#~##~##~#0
True#~#+*abc-people.com/bann_*#~##~##~#0
True#~#+*active.interzet.ru/log.php?*#~##~##~#0
True#~#+*add.in.ua/im/button.gif*#~##~##~#0
True#~#+*adland.ru/*#~##~##~#0
True#~#+*adlik.akavita.com/*?*#~##~##~#0
True#~#+*adnew.for-ua.com/*#~##~##~#0
True#~#+*adshop.ru/adshop/?*#~##~##~#0
True#~#+*adult-click.ru*#~##~##~#0
True#~#+*adulttraffic.ru*#~##~##~#0
True#~#+*advbroker.ru/code/?*#~##~##~#0
True#~#+*adwork.net.ua/cgi-bin/get.cgi?*#~##~##~#0
True#~#+*agronews.ru/images/*.gif*#~##~##~#0
True#~#+*agronews.ru/images/*.swf*#~##~##~#0
True#~#+*agrotv.ru/*.swf*#~##~##~#0
True#~#+*ajax.1tizer.com/?*#~##~##~#0
True#~#+*alfafilms.ru/images/*_baner_*#~##~##~#0
True#~#+*alfainternet.su/skokoskoko.js*#~##~##~#0
True#~#+*all-news.net.ua/informers/*#~##~##~#0
True#~#+*all-web.ru/button.php?id=*#~##~##~#0
True#~#+*allbest4free.ru/randompicture/*#~##~##~#0
True#~#+*allboxing.ru/img/*.swf*#~##~##~#0
True#~#+*allo.kulichki.com/bakc/am.gif*#~##~##~#0
True#~#+*alloy.ru/auth.php?*#~##~##~#0
True#~#+*alltraf.net/*#~##~##~#0
True#~#+*an.yandex.ru*#~##~##~#0
True#~#+*analytics.*.*/*.php*#~##~##~#0
True#~#+*analyzethis.ru/informer.cgi?*#~##~##~#0
True#~#+*animelist.ru/*?*#~##~##~#0
True#~#+*animesector.ru/picz/*#~##~##~#0
True#~#+*annews.ru/images/clients/*#~##~##~#0
True#~#+*antichat.ru/cgi-bin/s.jpg*#~##~##~#0
True#~#+*antimuh.ru/themes/grayman/images/*.*domashek*#~##~##~#0
True#~#+*anyfiles.ru/$third-party*#~##~##~#0
True#~#+*artefacts.nnov.ru/data/*#~##~##~#0
True#~#+*artvit.ru/cypr?*#~##~##~#0
True#~#+*asd.jino.ru/tables/*#~##~##~#0
True#~#+*assessoria.hotbox.ru*#~##~##~#0
True#~#+*assets.myflashfetish.com/swf/*#~##~##~#0
True#~#+*astalavista.com/backend/img/*#~##~##~#0
True#~#+*atlanktis.ru/atlankt.jpg*#~##~##~#0
True#~#+*auction.ua/informer.php?*#~##~##~#0
True#~#+*autodealer.ru/includes/button.php?*#~##~##~#0
True#~#+*autonet.ru/extra/autoclub_informer.aspx*#~##~##~#0
True#~#+*autoreg.ru/images/autoreg.gif*#~##~##~#0
True#~#+*avifilm.ru/new/*#~##~##~#0
True#~#+*azart.net.ua/upload/bx/*#~##~##~#0
True#~#+*azerbaijanian.com/img.php?*#~##~##~#0
True#~#+*azerimake.km.ru*#~##~##~#0
True#~#+*b.megaban.com.ua/*#~##~##~#0
True#~#+*b2bcontext.ru*#~##~##~#0
True#~#+*b81x63nc.ws.md*#~##~##~#0
True#~#+*banner.lviv.ua*#~##~##~#0
True#~#+*banniere*#~##~##~#0
True#~#+*bans.bride.ru*#~##~##~#0
True#~#+*bantex.ru/*?*#~##~##~#0
True#~#+*ban_click*#~##~##~#0
True#~#+*basketfan.my1.ru/knopka.gif*#~##~##~#0
True#~#+*belsoft.tut.by/i/*.swf*#~##~##~#0
True#~#+*bepag.net//cnt.php?*#~##~##~#0
True#~#+*bestcenternews.com/*logo*#~##~##~#0
True#~#+*bestclick.ru/sokz.php?*#~##~##~#0
True#~#+*betasat.net/images/*#~##~##~#0
True#~#+*bezpredela.net/*.jpg*#~##~##~#0
True#~#+*biathlon.com/logo.php?query=*#~##~##~#0
True#~#+*biathlon.ru/images/sp????/*#~##~##~#0
True#~#+*bin-layer.ru*#~##~##~#0
True#~#+*biz.advertarium.com.ua/*#~##~##~#0
True#~#+*bizweb.ru/button.php?*#~##~##~#0
True#~#+*blogan.ru/*.*.*.*.*#~##~##~#0
True#~#+*bn.meteo.by/ad*#~##~##~#0
True#~#+*bn.orthodoxy.ru*#~##~##~#0
True#~#+*bnr.volgocity.ru*#~##~##~#0
True#~#+*bossmoney.ru/*#~##~##~#0
True#~#+*box.net.pl/strony/topsites/img.php?*#~##~##~#0
True#~#+*br.gcl.ru/cgi-bin/br/*#~##~##~#0
True#~#+*bs.mybb.ru*#~##~##~#0
True#~#+*bs.nigma.ru*#~##~##~#0
True#~#+*bs.yandex.ru*#~##~##~#0
True#~#+*bsimg.globalstars.ru/img/*#~##~##~#0
True#~#+*bx.metka.ru*#~##~##~#0
True#~#+*c.hit.ua/*#~##~##~#0
True#~#+*c.ile.ru*#~##~##~#0
True#~#+*c.uarating.com*#~##~##~#0
True#~#+*c2001.ent.spyrix.ru/user.aic?*#~##~##~#0
True#~#+*cachewww.euro-play.net/bnr/*#~##~##~#0
True#~#+*cash.loadsex.ru*#~##~##~#0
True#~#+*catalog.aport.ru/images/signs/rec_@rus.gif*#~##~##~#0
True#~#+*catalog.deport.ru/btn.php?*#~##~##~#0
True#~#+*catalog.tut.by/images/catalog-tut.gif*#~##~##~#0
True#~#+*cdsuper.ru*#~##~##~#0
True#~#+*cetki.com/tempbut/*.swf*#~##~##~#0
True#~#+*cifrovik.ru/publish/open_article/*#~##~##~#0
True#~#+*click.opennet.ru/*?*#~##~##~#0
True#~#+*click.readme.ru/js/*#~##~##~#0
True#~#+*clickbux.ru/gtizer.php?*#~##~##~#0
True#~#+*clickbux.ru/load.php?*#~##~##~#0
True#~#+*clickbux.ru/vtizer.php?*#~##~##~#0
True#~#+*clickcashmoney.com*#~##~##~#0
True#~#+*clickhere.ru*#~##~##~#0
True#~#+*clicks.moy.su/vsachina/*#~##~##~#0
True#~#+*clicks.runews.radeant.com/*#~##~##~#0
True#~#+*clickunder.net/*#~##~##~#0
True#~#+*clocklink.com/clocks/*.swf*#~##~##~#0
True#~#+*cn.procontext.ru/*#~##~##~#0
True#~#+*cnt.hot100.ru*#~##~##~#0
True#~#+*cnt.logoslovo.ru/cgi-bin/cnt?*#~##~##~#0
True#~#+*cnt.rambler.ru/*#~##~##~#0
True#~#+*cnt.rate.ru/*?*#~##~##~#0
True#~#+*cnt.spbland.ru/*?*#~##~##~#0
True#~#+*cnt.vvv.ru/*?*#~##~##~#0
True#~#+*comgran.ru/topsite/button.php?*#~##~##~#0
True#~#+*comp-ex.ru/*#~##~##~#0
True#~#+*compteur.cc/pr/pagerank.php?*#~##~##~#0
True#~#+*computerpress.ru/images/*.swf*#~##~##~#0
True#~#+*content.4chan.org/tmp/*#~##~##~#0
True#~#+*content.medialand.ru*#~##~##~#0
True#~#+*content.relax.ru*#~##~##~#0
True#~#+*cool.ru/coolru-button.gif*#~##~##~#0
True#~#+*corporative.ru/upload/*#~##~##~#0
True#~#+*cosmo.ru/cosmo_informers/*#~##~##~#0
True#~#+*count.rbc.ru*#~##~##~#0
True#~#+*counter.top.ge/*#~##~##~#0
True#~#+*counting.kmindex.ru*#~##~##~#0
True#~#+*countlog.com/rp/mc*#~##~##~#0
True#~#+*cracklab.ru/images/r_*#~##~##~#0
True#~#+*crackzplanet.com/*.gif*#~##~##~#0
True#~#+*crackzplanet.com/img/*#~##~##~#0
True#~#+*crunchbang.net/advocacy/*#~##~##~#0
True#~#+*cybertown.ru/stat/?*#~##~##~#0
True#~#+*cys.ru/button.png?url=*#~##~##~#0
True#~#+*data.marketgid.com/js/*#~##~##~#0
True#~#+*datasvit.net/images/*_banner.*#~##~##~#0
True#~#+*dating.poleznosti.ru/page/*#~##~##~#0
True#~#+*default/photoplacement/*.swf*#~##~##~#0
True#~#+*delivery/*.php*#~##~##~#0
True#~#+*delphisources.ru/pages/scripts/recl_*#~##~##~#0
True#~#+*deribas.kwot.biz/*#~##~##~#0
True#~#+*destiny-online.ru/*.swf?*#~##~##~#0
True#~#+*dewis.h1.ru*#~##~##~#0
True#~#+*dewis.spb.ru*#~##~##~#0
True#~#+*digisat.ru/*.gif*#~##~##~#0
True#~#+*dimpy.narod.ru*#~##~##~#0
True#~#+*dir.rusmedserv.com/catalog.gif*#~##~##~#0
True#~#+*direct.quasir.info*#~##~##~#0
True#~#+*directrix.ru/cp/*#~##~##~#0
True#~#+*directrix.ru/images/empty.gif*#~##~##~#0
True#~#+*disp*.richtraffic.ru/*.js*#~##~##~#0
True#~#+*dl2.ru/catalog.php?*#~##~##~#0
True#~#+*dload.net.ru/*.gif*#~##~##~#0
True#~#+*dosugvip.ru*#~##~##~#0
True#~#+*drweb.com/pix/*.swf*#~##~##~#0
True#~#+*duuw.nm.ru*#~##~##~#0
True#~#+*dvsign.net/*#~##~##~#0
True#~#+*dyatel.tv/dtv*.*#~##~##~#0
True#~#+*dynamic.dol.ru*#~##~##~#0
True#~#+*dynamic.exaccess.ru*#~##~##~#0
True#~#+*e*.extreme-dm.com*#~##~##~#0
True#~#+*e-links.ru/pr/?*#~##~##~#0
True#~#+*e-place.ru/v/*#~##~##~#0
True#~#+*e-promoters.ru/indicator.php?*#~##~##~#0
True#~#+*ekctpa.info/ekctpa.gif*#~##~##~#0
True#~#+*engine.adct.ru/*?*#~##~##~#0
True#~#+*engine.awaps.net/*#~##~##~#0
True#~#+*engine.rorer.ru/*?*#~##~##~#0
True#~#+*eogli.com/1/*#~##~##~#0
True#~#+*epartner.ru/*#~##~##~#0
True#~#+*ereality.ru/*.js*#~##~##~#0
True#~#+*eronsk.ru/b/*#~##~##~#0
True#~#+*erotizer.info/iframe.php?*#~##~##~#0
True#~#+*eseek.ru/button.php?*#~##~##~#0
True#~#+*eserver.ru/img/b/*.gif*#~##~##~#0
True#~#+*estudio-max.com/buttons/*#~##~##~#0
True#~#+*euro-football.ru/*.gif*#~##~##~#0
True#~#+*euro.dirius.info/images/ban*#~##~##~#0
True#~#+*euros4click.de/*#~##~##~#0
True#~#+*ext.host-tracker.com/uptime-img/?*#~##~##~#0
True#~#+*fair.ru/i/i.php?*#~##~##~#0
True#~#+*fantasy.d2.ru/showban*.php?*#~##~##~#0
True#~#+*farle.ru/?bn=*#~##~##~#0
True#~#+*faststart.ru/img/button.gif*#~##~##~#0
True#~#+*faststart.ru/img/button_*#~##~##~#0
True#~#+*faza.ru/img.php?*#~##~##~#0
True#~#+*fbs.for-ua.org.ua/*#~##~##~#0
True#~#+*fcenter.ru/images/b/*#~##~##~#0
True#~#+*ferra.ru/images/news/*.gif*#~##~##~#0
True#~#+*filecontrol.ru/$third-party*#~##~##~#0
True#~#+*filepost.ru/filepost.php?*#~##~##~#0
True#~#+*filepost.ru/img/pismo_big.gif*#~##~##~#0
True#~#+*filmfree.ru/images/*#~##~##~#0
True#~#+*filmplus.ru/index.php?*#~##~##~#0
True#~#+*fip.net.ru/img/newsex/*.jpg*#~##~##~#0
True#~#+*flash.eastweb.ru/i/files/*#~##~##~#0
True#~#+*flasher.ru/data/images/swf/*#~##~##~#0
True#~#+*flymedia-mladnet.medialand.ru/code?*#~##~##~#0
True#~#+*flysat.com/resim*#~##~##~#0
True#~#+*forsage.biz/images/*#~##~##~#0
True#~#+*forum.ixbt.com/*.swf*#~##~##~#0
True#~#+*free-lance.ru/*/contacts/*#~##~##~#0
True#~#+*freewm.ru/js/bonus_code.php?*#~##~##~#0
True#~#+*ft-online.info/img_*#~##~##~#0
True#~#+*fxtrade.org.ru*#~##~##~#0
True#~#+*game-top.su/images/game-top*#~##~##~#0
True#~#+*geo.readlist.ru/traf.php*#~##~##~#0
True#~#+*geotop.ru/cgi-bin/cnt.cgi?*#~##~##~#0
True#~#+*get.mycounter.com.ua/*#~##~##~#0
True#~#+*get.mycounter.ua/*#~##~##~#0
True#~#+*gfdsgf333.com/in.cgi*#~##~##~#0
True#~#+*girls.ss.ru*#~##~##~#0
True#~#+*giveawayoftheday.com/ticker/*#~##~##~#0
True#~#+*glam-x.ru*#~##~##~#0
True#~#+*globalwebmap.com/button/*.gif*#~##~##~#0
True#~#+*glows.ru/shape.php*#~##~##~#0
True#~#+*go.bb.ru/images/*#~##~##~#0
True#~#+*go.jetswap.com*#~##~##~#0
True#~#+*go.media-x.ru*#~##~##~#0
True#~#+*go.richtraffic.ru*#~##~##~#0
True#~#+*gogo.ru/img/p/*#~##~##~#0
True#~#+*gold-music.ru/informer*#~##~##~#0
True#~#+*gold-traf.ru/*#~##~##~#0
True#~#+*goodsblock2.dt00.net*#~##~##~#0
True#~#+*google-add.com/button/*#~##~##~#0
True#~#+*google-analistyc.*#~##~##~#0
True#~#+*google-analytics.com*#~##~##~#0
True#~#+*google.*/coop/cse/brand?*#~##~##~#0
True#~#+*googlebar.jps.ru*#~##~##~#0
True#~#+*googlesyndication.com*#~##~##~#0
True#~#+*googlnet.info/script/script.php?*#~##~##~#0
True#~#+*goon.ru/be/goon*.gif*#~##~##~#0
True#~#+*goon.ru/r/img.php?*#~##~##~#0
True#~#+*gps-club.ru/upload/bx/*#~##~##~#0
True#~#+*gramer.freehostia.com/statistics/*#~##~##~#0
True#~#+*gws.ru/gwscnt/?*#~##~##~#0
True#~#+*h12.ru/images/*#~##~##~#0
True#~#+*hc.uralweb.ru/hc/all?*#~##~##~#0
True#~#+*hc.uralweb.ru/hc/pervouralskanet?*#~##~##~#0
True#~#+*hc.uralweb.ru/hc/stanislawucoz?*#~##~##~#0
True#~#+*headnet.ru/main/images/hn.gif*#~##~##~#0
True#~#+*hi-fi.ru/b/*#~##~##~#0
True#~#+*hit*.hotlog.ru*#~##~##~#0
True#~#+*hit.clickaider.com/clickaider.js*#~##~##~#0
True#~#+*hit.clickaider.com/pv?*#~##~##~#0
True#~#+*hmn.ru/fban/r_bn/*#~##~##~#0
True#~#+*hotline.ua/img/hl/gm*#~##~##~#0
True#~#+*hotlog.ru/*?*#~##~##~#0
True#~#+*http://refo.ru/button_*#~##~##~#0
True#~#+*hypernews.ru/*.js*#~##~##~#0
True#~#+*i.bigmir.net/cnt/*#~##~##~#0
True#~#+*i.j2j.ru/*#~##~##~#0
True#~#+*i.mabila.ua/$~domain=mabila.ua*#~##~##~#0
True#~#+*i.ru-board.com/temp/*#~##~##~#0
True#~#+*iframepay.com/*#~##~##~#0
True#~#+*images.1tizer.com/*#~##~##~#0
True#~#+*images.letitbit.net/*ban_*#~##~##~#0
True#~#+*images.stardock.com/flash/*#~##~##~#0
True#~#+*images.stardock.com/store/*#~##~##~#0
True#~#+*img*.depositfiles.com/adroot/*#~##~##~#0
True#~#+*img.carnage.ru/i/main/*.swf*#~##~##~#0
True#~#+*img.mail.ru/r/my/colage*.*#~##~##~#0
True#~#+*img.mobilezzz.com/*#~##~##~#0
True#~#+*img.ruclicks.com/ruclicks*.*#~##~##~#0
True#~#+*img.topshops.com.ua/images/buttons/*#~##~##~#0
True#~#+*img2.ru.redtram.com/*#~##~##~#0
True#~#+*info.webalta.net/reliancebutton?url*#~##~##~#0
True#~#+*informer.cyberstyle.ru*#~##~##~#0
True#~#+*infosec.ru/common/data/pub/images/articles/*#~##~##~#0
True#~#+*infotech-media.ru/*.js*#~##~##~#0
True#~#+*internetportal.ru/*.gif*#~##~##~#0
True#~#+*ip2phrase.com/ip2phrase.asp?*#~##~##~#0
True#~#+*itotal.ru/images/itotal.gif*#~##~##~#0
True#~#+*jag.mews.ru*#~##~##~#0
True#~#+*japan.leit.ru/button.php?*#~##~##~#0
True#~#+*jet3.ayola.net/cn.php?*#~##~##~#0
True#~#+*jigsaw.w3.org/css-validator/images/vcss*#~##~##~#0
True#~#+*js.dt00.net*#~##~##~#0
True#~#+*js.einfo.by/?*#~##~##~#0
True#~#+*js.redtram.com/n4p/*#~##~##~#0
True#~#+*js.ru.redtram.com*#~##~##~#0
True#~#+*k2kapital.com/upload*#~##~##~#0
True#~#+*karabalikelektronik.com/images/reklam*#~##~##~#0
True#~#+*karambas.ru/flash*#~##~##~#0
True#~#+*kavkazweb.net/tc.cgi?*#~##~##~#0
True#~#+*kinder.ru/buttons/*.asp?*#~##~##~#0
True#~#+*kino-top.ru/images/ban*.gif*#~##~##~#0
True#~#+*kinoclub.org/pic/kinoclub.gif*#~##~##~#0
True#~#+*kinofilms.com.ua/images/*#~##~##~#0
True#~#+*kinolib.com/img/rand_logo.php?*#~##~##~#0
True#~#+*kinotraff.ru/feed.php?*#~##~##~#0
True#~#+*kinotraff.ru/images/*#~##~##~#0
True#~#+*kioskas.lt/rex/pop.php?*#~##~##~#0
True#~#+*klick.net.ua/show.php?*#~##~##~#0
True#~#+*kmindex.ru/*?*#~##~##~#0
True#~#+*kolobok.us/button/*#~##~##~#0
True#~#+*komisite.ru/images/ban*.gif*#~##~##~#0
True#~#+*kv.by/img/*.swf*#~##~##~#0
True#~#+*kvasu.net/*/*.swf*#~##~##~#0
True#~#+*l.foto.radikal.ru/0701/*.gif*#~##~##~#0
True#~#+*lenamila.com/obzlite/*#~##~##~#0
True#~#+*lenta.yandex.ru/i/*#~##~##~#0
True#~#+*letitbit.net/images/*#~##~##~#0
True#~#+*letitsoft.com/$third-party*#~##~##~#0
True#~#+*levonevski.net/*.swf*#~##~##~#0
True#~#+*libo.ru/rat/img/*#~##~##~#0
True#~#+*life4life.biz/*#~##~##~#0
True#~#+*link-ip.int.ru/in.php?*#~##~##~#0
True#~#+*link.filepost.ru/*#~##~##~#0
True#~#+*linkbuy.biz/*#~##~##~#0
True#~#+*linkexchange.ru/*#~##~##~#0
True#~#+*linkhelp.clients.google.com/tbproxy/lh/wm*#~##~##~#0
True#~#+*linkwm.ru/*#~##~##~#0
True#~#+*linon.ru/links*.php?*#~##~##~#0
True#~#+*linuxcenter.ru/advertisement/*#~##~##~#0
True#~#+*list.ngs.ru/images/ngs/rating/rate_*#~##~##~#0
True#~#+*list.ru/img/buttons/*#~##~##~#0
True#~#+*listsites.ru/logopics/main/listsites.gif*#~##~##~#0
True#~#+*liveclix.net/links/*.js*#~##~##~#0
True#~#+*liveinternet.ru/cgi-bin*#~##~##~#0
True#~#+*liveinternet.ru/click*#~##~##~#0
True#~#+*liveinternet.ru/gg/*#~##~##~#0
True#~#+*local.mb.rian.ru/cgi-bin/iframe/*#~##~##~#0
True#~#+*log.krs-ix.ru/krs.php?*#~##~##~#0
True#~#+*logan.jino.ru*#~##~##~#0
True#~#+*login.tracking101.com/*#~##~##~#0
True#~#+*logtr4ry.ht-systems.ru*#~##~##~#0
True#~#+*lol.bash.org.ru*#~##~##~#0
True#~#+*lookszone.ru/lookszone.ru.html*#~##~##~#0
True#~#+*lovely37.valuehost.ru*#~##~##~#0
True#~#+*lux-bn.com.ua/*#~##~##~#0
True#~#+*luxup.ru/*#~##~##~#0
True#~#+*lycee.explode.ru*#~##~##~#0
True#~#+*mail.ru/*agenttoolbar?.js*#~##~##~#0
True#~#+*mamler.com/templates/*#~##~##~#0
True#~#+*maploco.com/vmap/*#~##~##~#0
True#~#+*mari.net.ru*#~##~##~#0
True#~#+*masterpop.ru/*#~##~##~#0
True#~#+*mb.osp.ru/*#~##~##~#0
True#~#+*mb.vesti.ru/cgi-bin/iframe/*#~##~##~#0
True#~#+*mbn.com.ua/*#~##~##~#0
True#~#+*media.carnage.ru*#~##~##~#0
True#~#+*media.online.ua/all/gft/*#~##~##~#0
True#~#+*medialand.relax.ru*#~##~##~#0
True#~#+*mediaportal.ru/*.js*#~##~##~#0
True#~#+*mediaportal.ru/images/*.gif*#~##~##~#0
True#~#+*mediaua.com.ua/img/photo/th/*#~##~##~#0
True#~#+*megacliks.com/*#~##~##~#0
True#~#+*megaline.kz/images/*#~##~##~#0
True#~#+*megashara.com/recimg/*#~##~##~#0
True#~#+*melitopolportal.net.ru/anim.gif*#~##~##~#0
True#~#+*metroclick.ru*#~##~##~#0
True#~#+*mg.dt00.net/*#~##~##~#0
True#~#+*migratecookiesacrossdomains.asp*#~##~##~#0
True#~#+*mixmarket.biz/show/*#~##~##~#0
True#~#+*mlfun.org.ua/images/ban*#~##~##~#0
True#~#+*mobile-review.com/cgi-bin/*#~##~##~#0
True#~#+*mokuz.ru/vipcounter/*#~##~##~#0
True#~#+*money.loveplanet.ru/nb/*#~##~##~#0
True#~#+*moremont.ru/js*#~##~##~#0
True#~#+*mostinfo.net/img/top/*#~##~##~#0
True#~#+*mrtg.jps.ru*#~##~##~#0
True#~#+*multitran.ru/*.swf*#~##~##~#0
True#~#+*multivizyon.tv/shop/*#~##~##~#0
True#~#+*musicrank.ru/js.php?*#~##~##~#0
True#~#+*musictraffic.ru/*#~##~##~#0
True#~#+*my-monkey.ru/sensation.php*#~##~##~#0
True#~#+*my.rozetka.kiev.ua/out/rozetka.php?*#~##~##~#0
True#~#+*myanimetop.com/button.php?*#~##~##~#0
True#~#+*mypagerank.net/*?*#~##~##~#0
True#~#+*mypagerank.ru/*?*#~##~##~#0
True#~#+*n4p.ru.redtram.com/*#~##~##~#0
True#~#+*nadavi.net/examples/*#~##~##~#0
True#~#+*nadavi.net/img/logo_*#~##~##~#0
True#~#+*narod.kz/img.php?*#~##~##~#0
True#~#+*nedstatbasic.net/stats?*#~##~##~#0
True#~#+*net-search.ru/net-search.gif*#~##~##~#0
True#~#+*nettracker.jps.ru*#~##~##~#0
True#~#+*new-popups.ru/*#~##~##~#0
True#~#+*newbs.hutz.co.il/www/*#~##~##~#0
True#~#+*news.mozilla-russia.org/wp-content/themes/mozilla/images/*#~##~##~#0
True#~#+*newsblock.dt00.net/j/*#~##~##~#0
True#~#+*newsprom.ru/img/*#~##~##~#0
True#~#+*nfscharts.nfshome.com/track.php?id=*#~##~##~#0
True#~#+*ninjabusiness.info/adpeeps/*#~##~##~#0
True#~#+*nnn.novoteka.ru*#~##~##~#0
True#~#+*nomer1.ru.ru*#~##~##~#0
True#~#+*nostalgia.onego.ru*#~##~##~#0
True#~#+*novosti.dn.ua/*.swf*#~##~##~#0
True#~#+*numen.ru/button/?*#~##~##~#0
True#~#+*o.magnet.kiev.ua/b/*#~##~##~#0
True#~#+*oboi.kards.ru/?*#~##~##~#0
True#~#+*one.ru/cgi-bin*#~##~##~#0
True#~#+*open.by/bnrs/*#~##~##~#0
True#~#+*openad.ru/*.js*#~##~##~#0
True#~#+*openlinks.ru/images/openlinks.gif*#~##~##~#0
True#~#+*opennet.ru/adv_ibm.htm*#~##~##~#0
True#~#+*opennet.ru/img/*#~##~##~#0
True#~#+*orentraff.cn/in.cgi?5*#~##~##~#0
True#~#+*oxysoft.ru/$third-party*#~##~##~#0
True#~#+*ozenuydu.com/resim*#~##~##~#0
True#~#+*ozon.ru/partnertwinernew.aspx*#~##~##~#0
True#~#+*p-news.ru/stat/cnt-combined.php?*#~##~##~#0
True#~#+*p-rank.info/*?*#~##~##~#0
True#~#+*p-rank.org/pr.php?*#~##~##~#0
True#~#+*p32.com.ua/girls/*.jpg*#~##~##~#0
True#~#+*pagead*.googlesyndication.*/pagead/*#~##~##~#0
True#~#+*palantir.in/showban*.php?*#~##~##~#0
True#~#+*pc-seguro.pochta.ru*#~##~##~#0
True#~#+*pc-software.ru/*.js*#~##~##~#0
True#~#+*pcmag.ru/upload/*.swf*#~##~##~#0
True#~#+*pcweek.ru/upload/*/160x100*.gif*#~##~##~#0
True#~#+*pen007.ru/pr/code.js*#~##~##~#0
True#~#+*penza-online.ru/cgi-bin/userstats.pl?*#~##~##~#0
True#~#+*people.1gb.ru*#~##~##~#0
True#~#+*perezzz.ru*#~##~##~#0
True#~#+*peter-falk.clan.su/_fr/0/*.gif*#~##~##~#0
True#~#+*photo-droch.net/*#~##~##~#0
True#~#+*pics.news.meta.ua/*#~##~##~#0
True#~#+*pics.rbc.ru/*#~##~##~#0
True#~#+*pindotrafforg.54.com1.ru*#~##~##~#0
True#~#+*pingwin.net.ua/www/delivery*#~##~##~#0
True#~#+*piter.com/*.gif*#~##~##~#0
True#~#+*plesen.net/kp*.*#~##~##~#0
True#~#+*pochta.ru/hosting/*#~##~##~#0
True#~#+*podro4u.ru/obzor/rek/*#~##~##~#0
True#~#+*pofig.com/rnb.php?*#~##~##~#0
True#~#+*poisk.su/img.php?*#~##~##~#0
True#~#+*poisk.su/top.php?*#~##~##~#0
True#~#+*pokaifu.com/templates/*#~##~##~#0
True#~#+*pomogi.org/urgent/1/*#~##~##~#0
True#~#+*popularsite.ru/*.php?*#~##~##~#0
True#~#+*popunder-mladnet.medialand.ru/*#~##~##~#0
True#~#+*popunder.ru/*#~##~##~#0
True#~#+*pornokiski.ru/kstat/cnt-combined.php?*#~##~##~#0
True#~#+*pozitifff.com/logo.png*#~##~##~#0
True#~#+*pozzitiv.ru/$third-party*#~##~##~#0
True#~#+*pr-cy.catzone.ws/img_*.*#~##~##~#0
True#~#+*pr-cy.ru/img-*#~##~##~#0
True#~#+*pr-cy.ru/img_*#~##~##~#0
True#~#+*pr.prchecker.info/getpr.php?*#~##~##~#0
True#~#+*pravoslavie.info/xcount.php?*#~##~##~#0
True#~#+*prcy-info.ru/informer.php?*#~##~##~#0
True#~#+*prcy.myws.ru/img/*#~##~##~#0
True#~#+*prcy.su/img_*#~##~##~#0
True#~#+*prcyonline.info/img_*#~##~##~#0
True#~#+*premiaruneta.ru/upload/iblock/*#~##~##~#0
True#~#+*premiaruneta.ru/upload/images/icon/*#~##~##~#0
True#~#+*premiaruneta.ru/upload/rk/*#~##~##~#0
True#~#+*pressball.by/files/*.swf*#~##~##~#0
True#~#+*pro-banner.ru/*#~##~##~#0
True#~#+*produman.ru/produman.gif*#~##~##~#0
True#~#+*projectwonderful.com/*#~##~##~#0
True#~#+*prostootdam.ru/modules/about/*#~##~##~#0
True#~#+*protoplex.ru/cgi-bin/informer.pl?*#~##~##~#0
True#~#+*protoplex.ru/images/rating/*#~##~##~#0
True#~#+*quantserve.com/*#~##~##~#0
True#~#+*quasir.info/js.php?*#~##~##~#0
True#~#+*quasir.info/thumbnail.php?*#~##~##~#0
True#~#+*rada.com.ua/img/*#~##~##~#0
True#~#+*radikal.ru/bh.ashx?*#~##~##~#0
True#~#+*radio-t.com/buttons/*#~##~##~#0
True#~#+*radio-tech.ru/pic/pages/*#~##~##~#0
True#~#+*rambler.ru/i.ban?*#~##~##~#0
True#~#+*rambler.ru/top100/*#~##~##~#0
True#~#+*raptop.ru/images/img*.gif*#~##~##~#0
True#~#+*rate.7surf.ru/img.php?*#~##~##~#0
True#~#+*razbogatey.com/images/banner_*#~##~##~#0
True#~#+*rb*.design.ru/*#~##~##~#0
True#~#+*rb.rfn.ru*#~##~##~#0
True#~#+*rb.sport-express.ru*#~##~##~#0
True#~#+*rbcgaru.hit.gemius.pl/*rexdot.gif?*#~##~##~#0
True#~#+*rclick.com.ua/*#~##~##~#0
True#~#+*re.foto.radikal.ru/0708/61/*.gif*#~##~##~#0
True#~#+*readme.ru/informer*#~##~##~#0
True#~#+*reclamka.biz/*#~##~##~#0
True#~#+*red.by/redban*#~##~##~#0
True#~#+*refo.ru/button.gif*#~##~##~#0
True#~#+*reggun.ru/images/b*_*#~##~##~#0
True#~#+*region59.net/buttons/*#~##~##~#0
True#~#+*reklama.vn.ua/*#~##~##~#0
True#~#+*reklamaster.com/*#~##~##~#0
True#~#+*richloads.com/img/*.gif*#~##~##~#0
True#~#+*rmbn.ru/*#~##~##~#0
True#~#+*rnd.yxo.ru*#~##~##~#0
True#~#+*rose.ixbt.com/*?*#~##~##~#0
True#~#+*rosinvest.com/informs/*#~##~##~#0
True#~#+*rotator.exler.ru/*?*#~##~##~#0
True#~#+*rotator.gameboss.ru/*#~##~##~#0
True#~#+*rpod.ru/i/b/*#~##~##~#0
True#~#+*rrru.ru/img.php?*#~##~##~#0
True#~#+*rssnewser.ru/add*#~##~##~#0
True#~#+*rssportal.ru/getinformer.php?*#~##~##~#0
True#~#+*ru-top.net/img/*#~##~##~#0
True#~#+*ru.gg/werbemittel/*#~##~##~#0
True#~#+*ruscontext.com/*#~##~##~#0
True#~#+*ruvideo.net/obzor/*#~##~##~#0
True#~#+*ruwm.ru/links.php?*#~##~##~#0
True#~#+*s*.histats.com/*#~##~##~#0
True#~#+*s*.ucoz.net/img/bn/*#~##~##~#0
True#~#+*s.100projects.ru/*#~##~##~#0
True#~#+*s.agava.ru/cgi/actions/c.cgi?*#~##~##~#0
True#~#+*s.clicktale.net/*.js*#~##~##~#0
True#~#+*s.holder.com.ua/*#~##~##~#0
True#~#+*s.holm.ru/stat/*#~##~##~#0
True#~#+*s.ladoshki.com/p/a/*#~##~##~#0
True#~#+*s.ladoshki.com/pics/shirts/*#~##~##~#0
True#~#+*sat-digest.com/*.swf*#~##~##~#0
True#~#+*sat-digest.com/agc/*.gif*#~##~##~#0
True#~#+*satcore.info/design/satcore_knopka*.gif*#~##~##~#0
True#~#+*sayday.ru/porn*#~##~##~#0
True#~#+*sb.google.com/safebrowsing/update*#~##~##~#0
True#~#+*scripts.mycounter.com.ua/counter*#~##~##~#0
True#~#+*search.sputnik1.ru/search.js*#~##~##~#0
True#~#+*search.sputnik1.ru/stats.php?*#~##~##~#0
True#~#+*search4all.org/knopka.gif*#~##~##~#0
True#~#+*searchmeta.webhost.ru*#~##~##~#0
True#~#+*secure-it.imrworldwide.com/cgi-bin/m?*#~##~##~#0
True#~#+*seexycams3.da.ru*#~##~##~#0
True#~#+*sektor-sga.com/sga*.*#~##~##~#0
True#~#+*senatorfoto.com/*.gif*#~##~##~#0
True#~#+*senatorinfo.com/images/*.gif*#~##~##~#0
True#~#+*seo-monster.ru/img_*#~##~##~#0
True#~#+*seoprcy.ru/img_*.*#~##~##~#0
True#~#+*seotechnology.ru/imgseo.php?*#~##~##~#0
True#~#+*seotechnology.ru/imgygpag.php?*#~##~##~#0
True#~#+*seowebtools.ru/inform/infb.php?*#~##~##~#0
True#~#+*serank.ru/prinf/view.php?*#~##~##~#0
True#~#+*servidormensseger.hotbox.ru*#~##~##~#0
True#~#+*sexfabrika.ru/*.gif*#~##~##~#0
True#~#+*sexfilms.ru*#~##~##~#0
True#~#+*sexprice.ru/news/*.gif*#~##~##~#0
True#~#+*sexyfans.net.ru*#~##~##~#0
True#~#+*sexyfriend.ru/*.js*#~##~##~#0
True#~#+*sexymafia.ru*#~##~##~#0
True#~#+*sezam.nov.ru*#~##~##~#0
True#~#+*sibbanks.ru/img/all/b*#~##~##~#0
True#~#+*sibbanks.ru/img/fis*.*#~##~##~#0
True#~#+*sibbanks.ru/img/header/ear*#~##~##~#0
True#~#+*simpletop.net/images/424/*#~##~##~#0
True#~#+*site-rank.com/*/site-rank.gif*#~##~##~#0
True#~#+*sj11.ru/cgi-bin/iframe/*#~##~##~#0
True#~#+*skylog.kz/img.php?*#~##~##~#0
True#~#+*slivtraff.com/*#~##~##~#0
True#~#+*smart-soft.ru/images/*.gif*#~##~##~#0
True#~#+*smart60.ru/uploads/posts/resize/*.*#~##~##~#0
True#~#+*smartb.2gsg.com/hosting.gif*#~##~##~#0
True#~#+*smsbanner.ru/*#~##~##~#0
True#~#+*smsfiles.ru/ban*.gif*#~##~##~#0
True#~#+*soft-teleport.ru/uploads/ad/*#~##~##~#0
True#~#+*softbn.ru/*?*#~##~##~#0
True#~#+*softodrom.ru/img/logo_*l.png*#~##~##~#0
True#~#+*sorcerers.net/includes/butler/butler.php?*#~##~##~#0
True#~#+*sourceforge.net/sflogo.php?*#~##~##~#0
True#~#+*spbfp.atlant.ru*#~##~##~#0
True#~#+*spbland.ru/bban/*#~##~##~#0
True#~#+*spitter.pauk.ru/*#~##~##~#0
True#~#+*spylog.com/*?*#~##~##~#0
True#~#+*spytrack.tic.ru*#~##~##~#0
True#~#+*src.ucoz.net/img/cp/*#~##~##~#0
True#~#+*stat.aport.ru/*?*#~##~##~#0
True#~#+*static.exaccess.ru/*#~##~##~#0
True#~#+*static.feed.rbc.ru/rbc/logical/*#~##~##~#0
True#~#+*static.globalstars.ru/static/*.js*#~##~##~#0
True#~#+*static.oper.ru/data/rennabs/*#~##~##~#0
True#~#+*static.pornolab.net/00*#~##~##~#0
True#~#+*static.terrhq.ru/torrents/*#~##~##~#0
True#~#+*static.torrents.ru/00*#~##~##~#0
True#~#+*stb.msn.com/i*#~##~##~#0
True#~#+*stepbystep.spb.ru/reting_stat.php?*#~##~##~#0
True#~#+*stopto.da.ru*#~##~##~#0
True#~#+*studsss.da.ru*#~##~##~#0
True#~#+*submitter.ru*/i.php*#~##~##~#0
True#~#+*supertop.ru/cgi-bin/supertop/nph-supertop2?*#~##~##~#0
True#~#+*sys.war-online.ru*#~##~##~#0
True#~#+*t*.extreme-dm.com*#~##~##~#0
True#~#+*t.proext.com/*?*#~##~##~#0
True#~#+*t.proext.com/js/*.js*#~##~##~#0
True#~#+*t.pusk.ru*#~##~##~#0
True#~#+*tak.ru/in.php?*#~##~##~#0
True#~#+*tds.richtraffic.ru/direct.php?*#~##~##~#0
True#~#+*teenseks.da.ru*#~##~##~#0
True#~#+*temp.theabyss.ru/1/botva/*#~##~##~#0
True#~#+*testsbox.ru/autotest.js?*#~##~##~#0
True#~#+*tgvc.seall.ru/img/*#~##~##~#0
True#~#+*thecc.ws/cc/*.swf*#~##~##~#0
True#~#+*thews.info/img_*.gif*#~##~##~#0
True#~#+*third.astera.ru/www/images/*#~##~##~#0
True#~#+*tic-pr.info/*/button*.*#~##~##~#0
True#~#+*tit.by/cnt.php?*#~##~##~#0
True#~#+*tiz150-70.zarabotki.ru*#~##~##~#0
True#~#+*tname.ru/img_*.gif*#~##~##~#0
True#~#+*tns-counter.ru/*#~##~##~#0
True#~#+*tofun.ru/traff/*.php*#~##~##~#0
True#~#+*toget.ru/adblocks/*#~##~##~#0
True#~#+*toget.ru/informers/showinformer.php?*#~##~##~#0
True#~#+*tools.spylog.ru/*.js*#~##~##~#0
True#~#+*top.allmoney.ws/images/supertop.png*#~##~##~#0
True#~#+*top.eeh.ru*#~##~##~#0
True#~#+*top.fishki.net/rekalamagirl*#~##~##~#0
True#~#+*top.rbc.ru/include/dynamic/pub/*#~##~##~#0
True#~#+*top.roleplay.ru/rpgtop*#~##~##~#0
True#~#+*top/nocountryforoldmen/*.swf*#~##~##~#0
True#~#+*top20.md/client/scripts/*#~##~##~#0
True#~#+*topcto.ru/img/butt/*#~##~##~#0
True#~#+*topdownloads.ru/images/charts/*.gif*#~##~##~#0
True#~#+*tope107.com/button.php?*#~##~##~#0
True#~#+*topresearch.ru/img/topresearch.jpg*#~##~##~#0
True#~#+*topsupp.com/*?*#~##~##~#0
True#~#+*tradelinksru.com/*#~##~##~#0
True#~#+*traf.biz/*#~##~##~#0
True#~#+*trafficmasterz.net/trade.php?*#~##~##~#0
True#~#+*trafficmaxx.de/thx.php?*#~##~##~#0
True#~#+*traffsale.com/*#~##~##~#0
True#~#+*traffsaler.com/*#~##~##~#0
True#~#+*trafon.ru/*#~##~##~#0
True#~#+*trusearch.net/affblock/*#~##~##~#0
True#~#+*tvoi-dosug.com/b?*#~##~##~#0
True#~#+*tvoi-dosug.com/getthumbs?*#~##~##~#0
True#~#+*u*.*.mytrix.com/cnt?*#~##~##~#0
True#~#+*u*.*.spylog.com*#~##~##~#0
True#~#+*u*.takru.com/*#~##~##~#0
True#~#+*ua*.hit.stat24.com*#~##~##~#0
True#~#+*ualink.info/*?*#~##~##~#0
True#~#+*ucoz.ru/main/?a=ustat;*#~##~##~#0
True#~#+*uhi_click.cgi?*#~##~##~#0
True#~#+*ulitka.ru/logo*#~##~##~#0
True#~#+*umatno.ru/mm/*#~##~##~#0
True#~#+*underclick.ru/*#~##~##~#0
True#~#+*uniq-ip.com/via/np?*#~##~##~#0
True#~#+*uptime.ru/*?*#~##~##~#0
True#~#+*us.i1.yimg.com/us.yimg.com/i/us/my/addtomyyahoo*.gif*#~##~##~#0
True#~#+*utro.ru/cgi-bin/iframe/*#~##~##~#0
True#~#+*v6.overclockers.ru*#~##~##~#0
True#~#+*vareza.net/*.gif*#~##~##~#0
True#~#+*vas.ppro.de/click/*#~##~##~#0
True#~#+*videotraff.ru/img*#~##~##~#0
True#~#+*voffka.com/archives/*.swf*#~##~##~#0
True#~#+*voland-rocker.fatal.ru*#~##~##~#0
True#~#+*votegate.ru/m.php?*#~##~##~#0
True#~#+*vsego.ru/images/b*#~##~##~#0
True#~#+*vsem.ru/img*/$third-party*#~##~##~#0
True#~#+*vsetv.com/pic/paid/*#~##~##~#0
True#~#+*vz.ru/inc/b/*iframe.html*#~##~##~#0
True#~#+*warlog.info*#~##~##~#0
True#~#+*web-hack.ru/images/b/*#~##~##~#0
True#~#+*web-rom.ru/?get_code*#~##~##~#0
True#~#+*web.ollenkka.com/button.php*#~##~##~#0
True#~#+*webalta.ru/reliancebutton?url*#~##~##~#0
True#~#+*webanalyzer.com.ua/download/wasape/rek*#~##~##~#0
True#~#+*webkrug.ru/images/bann*#~##~##~#0
True#~#+*weblist.ru/images/weblist*#~##~##~#0
True#~#+*weboborona.ru/pic/wban*#~##~##~#0
True#~#+*webplus.info/getres.php?*#~##~##~#0
True#~#+*websiteseo.ru/blok.php?*#~##~##~#0
True#~#+*websurf.ru/?*#~##~##~#0
True#~#+*westbyte.com/scripts/bs/bc.php?bi=*#~##~##~#0
True#~#+*westtokyo.ru/download/west*#~##~##~#0
True#~#+*whiteclab.ru/js.php?*#~##~##~#0
True#~#+*whos.amung.us/cwidget/*#~##~##~#0
True#~#+*whos.amung.us/swidget/*#~##~##~#0
True#~#+*whos.amung.us/widget/*.*#~##~##~#0
True#~#+*widgeo.net/compteur.php?*#~##~##~#0
True#~#+*widgets.amung.us*#~##~##~#0
True#~#+*widgets.fotocash.ru*#~##~##~#0
True#~#+*wieistmeineip.de/ip-address/*#~##~##~#0
True#~#+*wm-help.net/b.php?*#~##~##~#0
True#~#+*wmlink2008.info/*#~##~##~#0
True#~#+*wmmail.ru/images/wm.gif*#~##~##~#0
True#~#+*wmplace.ru/place.php?*#~##~##~#0
True#~#+*wmzona.com/gptr/go.php?*#~##~##~#0
True#~#+*wolist.ru/img/wolist.gif*#~##~##~#0
True#~#+*wtools.biz/sample2.php?*#~##~##~#0
True#~#+*ww.hmn.ru/fban/*#~##~##~#0
True#~#+*www.adsell.me/b/*#~##~##~#0
True#~#+*www.ixbt.com/voting/*#~##~##~#0
True#~#+*www.qb.ru/buttons/*#~##~##~#0
True#~#+*www.w3.org/icons/valid-xhtml10*#~##~##~#0
True#~#+*www4.shoutmix.com/?*#~##~##~#0
True#~#+*www91.intel.com/b/*#~##~##~#0
True#~#+*wwwomen.ru/n/r/*#~##~##~#0
True#~#+*wwwomen.ru/php/wi.php?*#~##~##~#0
True#~#+*x-limitrecordz.ru/*.gif*#~##~##~#0
True#~#+*x4u.ru/cgi-bin/wtsin.cgi?*#~##~##~#0
True#~#+*xanax.cbn.ru*#~##~##~#0
True#~#+*xml.idge.ru/js_search.php?*#~##~##~#0
True#~#+*xml.smskopilka.ru/client/export/smskopilka_*.js*#~##~##~#0
True#~#+*xxxxxx.com.ru*#~##~##~#0
True#~#+*yandas.ru/img.php?*#~##~##~#0
True#~#+*yandex.ru/cy?base=0&host=*#~##~##~#0
True#~#+*yandex.ru/cycounter/*#~##~##~#0
True#~#+*yandex.ru/cycounter?*#~##~##~#0
True#~#+*yandexo.ru/rek/*#~##~##~#0
True#~#+*yellowsearch.ru/img/*.jpg*#~##~##~#0
True#~#+*yoip.com.ua/_res/script/image.php?*#~##~##~#0
True#~#+*yournewhosting.com/images*#~##~##~#0
True#~#+*youseo.ru/img_*.gif*#~##~##~#0
True#~#+*zaclick.ru/links*.php?*#~##~##~#0
True#~#+*zahodi-ka.ru/wbmaster/index/schet.cgi?*#~##~##~#0
True#~#+*zakladka.org.ua/button.*.png*#~##~##~#0
True#~#+*zaza.net.ua/uploads/posts/*.gif*#~##~##~#0
True#~#+*zero.kz/c.php?*#~##~##~#0
True#~#+*zna4ki.ru/nodel/zna4ki*#~##~##~#0
True#~#+*zto.h16.ru/*#~##~##~#0
True#~#+*zvukoff.ru/24open/*.jpg*#~##~##~#0
True#~#+http://ad.*#~##~##~#0
True#~#+http://ad0*#~##~##~#0
True#~#+http://ad1*#~##~##~#0
True#~#+http://ad2*#~##~##~#0
True#~#+http://ad3*#~##~##~#0
True#~#+http://ad4*#~##~##~#0
True#~#+http://ad5*#~##~##~#0
True#~#+http://ad6*#~##~##~#0
True#~#+http://ad7*#~##~##~#0
True#~#+http://ad9*#~##~##~#0
True#~#+http://ads.*#~##~##~#0
True#~#+http://ads1.*#~##~##~#0
True#~#+http://adv.*#~##~##~#0
True#~#+*.sovsport.ru/banner-item/*#~##~##~#0
True#~#+*.sovsport.ru/ib*#~##~##~#0
True#~#+*//a.gismeteo.*#~##~##~#0
True#~#+*2baksa.net/download/dre.gif*#~##~##~#0
True#~#+*advs.gismeteo.com/*#~##~##~#0
True#~#+*butt-head.ru/adv/*#~##~##~#0
True#~#+*citysmile.ru/images/xxx*#~##~##~#0
True#~#+*copypast.ru/re/*#~##~##~#0
True#~#+*dump.ru/themes/dump/images/*938x100*#~##~##~#0
True#~#+*forum.antichat.ru/*#~##~##~#0
True#~#+*game-torrent.info/forum/*#~##~##~#0
True#~#+*i.ru-board.com/xmtmp/*#~##~##~#0
True#~#+*images.rambler.ru/upl/r2/*#~##~##~#0
True#~#+*izvestia.ru/news_rambler.html*#~##~##~#0
True#~#+*letitbit.net/$third-party,subdocument*#~##~##~#0
True#~#+*letitbit.net/tmpl/letitbit.html*#~##~##~#0
True#~#+*letitbit.net/tmpl/premium_ru.html*#~##~##~#0
True#~#+*lifehacker.ru/557.gif*#~##~##~#0
True#~#+*lostfilm.tv/vision/*#~##~##~#0
True#~#+*macovod.net/ads/*#~##~##~#0
True#~#+*mozilla-russia.org/images/rek_header.png*#~##~##~#0
True#~#+*mywed.ru/bnr/*#~##~##~#0
True#~#+*myzuka.ru/schemes/default/images/bsum.jpg*#~##~##~#0
True#~#+*newestsoft.com/images/*x90*#~##~##~#0
True#~#+*nn.ru/nnbs.php?id=*#~##~##~#0
True#~#+*nntt.org/images/adv/*#~##~##~#0
True#~#+*nyaatorrents.org/images/leaderboard*#~##~##~#0
True#~#+*nyaatorrents.org/images/tower*#~##~##~#0
True#~#+*overclockers.ru/images/*#~##~##~#0
True#~#+*overclockers.ru/images/*x60.*#~##~##~#0
True#~#+*overclockers.ru/images/*_logo.*#~##~##~#0
True#~#+*overclockers.ru/images/logo_*.*#~##~##~#0
True#~#+*ozon.ru/graphics/*/*.swf*#~##~##~#0
True#~#+*ozon.ru/graphics/img/*#~##~##~#0
True#~#+*ozon.ru/graphics/img_ban/*#~##~##~#0
True#~#+*pics.goods.turist.ru/turist.goods_pics/*#~##~##~#0
True#~#+*pindosoff.net/images/*#~##~##~#0
True#~#+*r.radikal.ru/static/plastic_media/*.swf*#~##~##~#0
True#~#+*russianews.ru/img/b/*#~##~##~#0
True#~#+*s.tfile.ru/images/kfforex.jpg*#~##~##~#0
True#~#+*samlab.ws/img/azoff.gif*#~##~##~#0
True#~#+*samlab.ws/img/casino.gif*#~##~##~#0
True#~#+*samlab.ws/img/fullgames*#~##~##~#0
True#~#+*samlab.ws/img/server.gif*#~##~##~#0
True#~#+*samlab.ws/img/tech.jpg*#~##~##~#0
True#~#+*smi2.ru/data/js/*#~##~##~#0
True#~#+*soft-best.ws/lobby.jpg*#~##~##~#0
True#~#+*soft-best.ws/obzor/*allxxxniche_com*#~##~##~#0
True#~#+*softodrom.ru/scr/begun.php?*#~##~##~#0
True#~#+*torrents.ru/*/640x75*#~##~##~#0
True#~#+*torrents.ru/047/tz/*.swf*#~##~##~#0
True#~#+*torrents.ru/048/*/*.jpg*#~##~##~#0
True#~#+*torrents.ru/forum/035/*#~##~##~#0
True#~#+*translate.ru/app_themes/default/begload/*#~##~##~#0
True#~#+*video-clips.ru/images/sms240.gif*#~##~##~#0
True#~#+*www.animenfo.com/radio/meganimedvd.swf*#~##~##~#0
True#~#+*www.slo.ru/*300x200*#~##~##~#0
True#~#+*www.slo.ru/180x400.jpg*#~##~##~#0
True#~#+*www.slo.ru/img/re/fc.gif*#~##~##~#0
True#~#+*zaycev.net/m3_images/*#~##~##~#0
True#~#+http://muzoff.ru/rek/*#~##~##~#0
True#~#+http://samlab.ws/*.js*#~##~##~#0
True#~#+http://samlab.ws/*.swf*#~##~##~#0
True#~#+http://samlab.ws/file*#~##~##~#0
True#~#+http://static.oper.ru/onlinedengi/*#~##~##~#0
True#~#+http://www.ag.ru/images/*#~##~##~#0
True#~#+http://www.ag.ru/jscodes/ushi_dyn/*#~##~##~#0
True#~#+http://www.anode.ru/*.swf*#~##~##~#0