True#~#+*.css#~##~##~#0
True#~#+*.ng.ru/*banner.jpg#~##~##~#0
True#~#+*http://domdot.ru/merge?*#~##~##~#0
True#~#+*images.kaspersky.com/*/promo/*#~##~##~#0
True#~#+*steampowered.com*#~##~##~#0
True#~#+*zaycev.net/m3_images/i/*#~##~##~#0
True#~#+http://*.*.vkadre.ru/assets/thumbnails/*.vk.jpg#~##~##~#0
True#~#+http://belocal.de/templates/belocal3/partner/nextgen/*#~##~##~#0
True#~#+http://bs.nigma.ru/maxima/Render.app.php*#~##~##~#0
True#~#+http://cs*.vkontakte.ru/u*/*_*.jpg#~##~##~#0
True#~#+http://demonsat.3dn.ru/index/0-34#~##~##~#0
True#~#+http://exchengine.ru/bare/export/js.html?*#~##~##~#0
True#~#+http://gallery-*.usercash.com/*#~##~##~#0
True#~#+http://ifolder.ru/random/images/?*#~##~##~#0
True#~#+http://images.google.*/images?*#~##~##~#0
True#~#+http://img-fotki.yandex.ru/get/*ad*#~##~##~#0
True#~#+http://market.yandex.ru/jsc/i/popup.js#~##~##~#0
True#~#+http://mywishlist.ru/pic/wish/*__100x100.jpeg*#~##~##~#0
True#~#+http://pics.rbc.ru/img/cnews/20*#~##~##~#0
True#~#+http://pics.rbc.ru/img/oranews/*.jpg*#~##~##~#0
True#~#+http://recordings.ru/mperl/new/popup/_frames.base.pl?r=*#~##~##~#0
True#~#+http://s.mcstatic.com/*#~##~##~#0
True#~#+http://sendmms.megafon.ru/fedmms/i/button.gif*#~##~##~#0
True#~#+http://smsdengi.com/partners_js.php?*#~##~##~#0
True#~#+http://stg.odnoklassniki.ru/res/*#~##~##~#0
True#~#+http://www*.ng.ru/*banner*#~##~##~#0
True#~#+http://www.vorbis.com/images/banners/*#~##~##~#0
True#~#+http://www2.admin.tomsk.ru/www/core1.nsf/*#~##~##~#0
True#~#+https://ssl.google-analytics.com/urchin.js#~##~##~#0
True#~#+https://w6.spacegate.com.ua/*#~##~##~#0