HandyCache_list_Format_2
True#~#+css#~##~##~#False#~#True#~#False#~#False#~#False#~#False#~#0
True#~#+.wikimedia.org/#~##~##~#False#~#True#~#False#~#False#~#False#~#False#~#0
True#~#+.wikipedia.org/#~##~##~#False#~#True#~#False#~#False#~#False#~#False#~#0
True#~#+.google.*/images?#~##~##~#False#~#True#~#False#~#False#~#False#~#False#~#0
True#~#+google.*/cse?cx=partner#~##~##~#False#~#True#~#False#~#False#~#False#~#False#~#0
True#~#+otvety.google.ru/#~##~##~#False#~#True#~#False#~#False#~#False#~#False#~#0
True#~#+.admin.tomsk.ru/www/core1.nsf/#~##~##~#False#~#True#~#False#~#False#~#False#~#False#~#0
True#~#+.ng.ru/images/right_banners/#~##~##~#False#~#True#~#False#~#False#~#False#~#False#~#0
True#~#+/home.corbina.ru/*#~##~##~#False#~#True#~#False#~#False#~#False#~#False#~#0
True#~#+deviantart.com/global/difi/?#~##~##~#False#~#True#~#False#~#False#~#False#~#False#~#0
True#~#+forum.antichat.ru/*/#~##~##~#False#~#True#~#False#~#False#~#False#~#False#~#0
True#~#+google.ru/ig|#~##~##~#False#~#True#~#False#~#False#~#False#~#False#~#0
True#~#+images.kaspersky.com/*/promo#~##~##~#False#~#True#~#False#~#False#~#False#~#False#~#0
True#~#+steampowered.com#~##~##~#False#~#True#~#False#~#False#~#False#~#False#~#0
True#~#+zaycev.net/m3_images/i/#~##~##~#False#~#True#~#False#~#False#~#False#~#False#~#0
True#~#+belocal.de/templates/belocal3/partner/nextgen/#~##~##~#False#~#True#~#False#~#False#~#False#~#False#~#0
True#~#+domdot.ru/merge?#~##~##~#False#~#True#~#False#~#False#~#False#~#False#~#0
True#~#+earth.google.com/#~##~##~#False#~#True#~#False#~#False#~#False#~#False#~#0
True#~#+exchengine.ru/bare/export/js.html?#~##~##~#False#~#True#~#False#~#False#~#False#~#False#~#0
True#~#+gallery-*.usercash.com/#~##~##~#False#~#True#~#False#~#False#~#False#~#False#~#0
True#~#+ifolder.ru/random/images/?#~##~##~#False#~#True#~#False#~#False#~#False#~#False#~#0
True#~#+kawaii-radio.net/banners/#~##~##~#False#~#True#~#False#~#False#~#False#~#False#~#0
True#~#+mailstatic.yandex.net/*.js#~##~##~#False#~#True#~#False#~#False#~#False#~#False#~#0
True#~#+pics.rbc.ru/img/#~##~##~#False#~#True#~#False#~#False#~#False#~#False#~#0
True#~#+pics.rbc.ru/quote/#~##~##~#False#~#True#~#False#~#False#~#False#~#False#~#0
True#~#+recordings.ru/mperl/new/popup/_frames.base.pl?r=#~##~##~#False#~#True#~#False#~#False#~#False#~#False#~#0
True#~#+smsdengi.com/partners_js.php?#~##~##~#False#~#True#~#False#~#False#~#False#~#False#~#0
True#~#+stg.odnoklassniki.ru/res/#~##~##~#False#~#True#~#False#~#False#~#False#~#False#~#0
True#~#+technosila.ru/webroot/delivery/images/goods/#~##~##~#False#~#True#~#False#~#False#~#False#~#False#~#0
True#~#+video.sportbox.ru/*/promoplayer.xap|#~##~##~#False#~#True#~#False#~#False#~#False#~#False#~#0
True#~#+8bitpeoples.com/#~##~##~#False#~#True#~#False#~#False#~#False#~#False#~#0
True#~#+animenfo.com/radio/*.js#~##~##~#False#~#True#~#False#~#False#~#False#~#False#~#0
True#~#+vorbis.com/images/banners/#~##~##~#False#~#True#~#False#~#False#~#False#~#False#~#0
